221.216.35.35 - - [19/Apr/2015:09:53:22 +0800] "GET / HTTP/1.1" 403 209
221.216.35.35 - - [19/Apr/2015:09:53:22 +0800] "GET /favicon.ico HTTP/1.1" 403 220
221.216.35.35 - - [19/Apr/2015:09:53:24 +0800] "GET / HTTP/1.1" 403 209
221.216.35.35 - - [19/Apr/2015:09:53:24 +0800] "GET /favicon.ico HTTP/1.1" 403 220
221.216.35.35 - - [19/Apr/2015:09:53:42 +0800] "GET / HTTP/1.1" 403 209
221.216.35.35 - - [19/Apr/2015:09:53:42 +0800] "GET /favicon.ico HTTP/1.1" 403 220
221.216.35.35 - - [19/Apr/2015:09:58:36 +0800] "GET / HTTP/1.1" 403 209
221.216.35.35 - - [19/Apr/2015:09:58:36 +0800] "GET /favicon.ico HTTP/1.1" 403 220
221.216.35.35 - - [19/Apr/2015:10:01:43 +0800] "GET / HTTP/1.1" 403 209
221.216.35.35 - - [19/Apr/2015:10:01:43 +0800] "GET /favicon.ico HTTP/1.1" 403 220
221.216.35.35 - - [19/Apr/2015:10:01:46 +0800] "GET / HTTP/1.1" 403 209
221.216.35.35 - - [19/Apr/2015:10:01:46 +0800] "GET /favicon.ico HTTP/1.1" 403 220
221.216.35.35 - - [19/Apr/2015:10:01:47 +0800] "GET / HTTP/1.1" 403 209
221.216.35.35 - - [19/Apr/2015:10:01:47 +0800] "GET /favicon.ico HTTP/1.1" 403 220
221.216.35.35 - - [19/Apr/2015:10:01:49 +0800] "GET / HTTP/1.1" 403 209
221.216.35.35 - - [19/Apr/2015:10:01:49 +0800] "GET /favicon.ico HTTP/1.1" 403 220
221.216.35.35 - - [19/Apr/2015:10:02:55 +0800] "GET / HTTP/1.1" 403 209
221.216.35.35 - - [19/Apr/2015:10:02:55 +0800] "GET /favicon.ico HTTP/1.1" 403 220
221.216.35.35 - - [19/Apr/2015:10:02:57 +0800] "GET / HTTP/1.1" 403 209
221.216.35.35 - - [19/Apr/2015:10:02:57 +0800] "GET /favicon.ico HTTP/1.1" 403 220
221.216.35.35 - - [19/Apr/2015:10:08:50 +0800] "GET / HTTP/1.1" 200 65403
221.216.35.35 - - [19/Apr/2015:10:08:51 +0800] "GET /favicon.ico HTTP/1.1" 404 209
221.216.35.35 - - [19/Apr/2015:10:09:30 +0800] "GET / HTTP/1.1" 200 65423
221.216.35.35 - - [19/Apr/2015:10:12:13 +0800] "GET / HTTP/1.1" 200 65125
221.216.35.35 - - [19/Apr/2015:10:12:13 +0800] "GET /favicon.ico HTTP/1.1" 404 209
112.64.235.245 - - [19/Apr/2015:10:12:13 +0800] "GET / HTTP/1.1" 200 65067
221.216.35.35 - - [19/Apr/2015:10:12:50 +0800] "GET / HTTP/1.1" 200 65360
221.216.35.35 - - [19/Apr/2015:10:14:06 +0800] "GET / HTTP/1.1" 200 65360
221.216.35.35 - - [19/Apr/2015:10:14:08 +0800] "GET / HTTP/1.1" 200 65356
221.216.35.35 - - [19/Apr/2015:10:14:13 +0800] "GET / HTTP/1.1" 200 65360
221.216.35.35 - - [19/Apr/2015:10:14:39 +0800] "GET / HTTP/1.1" 200 119
222.186.15.131 - - [19/Apr/2015:10:14:49 +0800] "GET http://218.65.131.13/intoIp.aspx?ip=182.92.164.167:8090 HTTP/1.1" 404 209
119.147.146.189 - - [19/Apr/2015:10:14:51 +0800] "GET / HTTP/1.1" 200 119
221.216.35.35 - - [19/Apr/2015:10:15:26 +0800] "GET / HTTP/1.1" 200 65340
221.216.35.35 - - [19/Apr/2015:10:15:35 +0800] "GET / HTTP/1.1" 200 65340
221.216.35.35 - - [19/Apr/2015:10:30:28 +0800] "GET / HTTP/1.1" 200 65466
221.216.35.35 - - [19/Apr/2015:10:30:46 +0800] "GET /test.php HTTP/1.1" 200 12
180.153.206.32 - - [19/Apr/2015:10:30:46 +0800] "GET /test.php HTTP/1.1" 200 12
221.216.35.35 - - [19/Apr/2015:10:32:45 +0800] "GET / HTTP/1.1" 200 65765
221.216.35.35 - - [19/Apr/2015:10:32:55 +0800] "GET / HTTP/1.1" 200 65765
209.95.46.4 - - [19/Apr/2015:10:36:09 +0800] "GET http://209.95.46.4/check_proxy.php HTTP/1.1" 404 213
222.186.15.131 - - [19/Apr/2015:10:45:13 +0800] "GET http://218.65.131.13/intoIp.aspx?ip=182.92.164.167:8090 HTTP/1.1" 404 209
218.65.131.20 - - [19/Apr/2015:10:50:33 +0800] "GET http://218.65.131.13/intoIp.aspx?ip=182.92.164.167:8090 HTTP/1.1" 404 209
222.186.15.131 - - [19/Apr/2015:11:08:27 +0800] "GET http://218.65.131.13/intoIp.aspx?ip=182.92.164.167:8090 HTTP/1.1" 404 209
218.65.131.20 - - [19/Apr/2015:11:26:15 +0800] "GET http://218.65.131.13/intoIp.aspx?ip=182.92.164.167:8090 HTTP/1.1" 404 209
222.186.15.131 - - [19/Apr/2015:11:36:38 +0800] "GET http://218.65.131.13/intoIp.aspx?ip=182.92.164.167:8090 HTTP/1.1" 404 209
209.95.46.4 - - [19/Apr/2015:11:56:46 +0800] "GET http://209.95.46.4/check_proxy.php HTTP/1.1" 404 213
218.65.131.20 - - [19/Apr/2015:12:34:43 +0800] "GET http://218.65.131.13/intoIp.aspx?ip=182.92.164.167:8090 HTTP/1.1" 404 209
182.118.53.233 - - [19/Apr/2015:12:45:00 +0800] "GET / HTTP/1.0" 200 63774
222.186.15.131 - - [19/Apr/2015:12:58:55 +0800] "GET http://218.65.131.13/intoIp.aspx?ip=182.92.164.167:8090 HTTP/1.1" 404 209
222.186.15.131 - - [19/Apr/2015:13:12:03 +0800] "GET http://218.65.131.13/intoIp.aspx?ip=182.92.164.167:8090 HTTP/1.1" 404 209
209.95.46.4 - - [19/Apr/2015:13:12:44 +0800] "GET http://209.95.46.4/check_proxy.php HTTP/1.1" 404 213
218.65.131.20 - - [19/Apr/2015:13:44:13 +0800] "GET http://218.65.131.13/intoIp.aspx?ip=182.92.164.167:8090 HTTP/1.1" 404 209
221.216.35.35 - - [19/Apr/2015:13:58:52 +0800] "GET / HTTP/1.1" 200 65478
221.216.35.35 - - [19/Apr/2015:13:59:26 +0800] "GET /msql HTTP/1.1" 404 202
180.153.214.152 - - [19/Apr/2015:13:59:31 +0800] "GET /msql HTTP/1.1" 404 202
221.216.35.35 - - [19/Apr/2015:13:59:35 +0800] "GET / HTTP/1.1" 200 65478
209.95.46.4 - - [19/Apr/2015:13:59:56 +0800] "GET http://209.95.46.4/check_proxy.php HTTP/1.1" 404 213
221.216.35.35 - - [19/Apr/2015:14:01:04 +0800] "GET /phpmyadmin HTTP/1.1" 404 208
180.153.214.200 - - [19/Apr/2015:14:01:04 +0800] "GET /phpmyadmin HTTP/1.1" 404 208
221.216.35.35 - - [19/Apr/2015:14:01:08 +0800] "GET /phpmyadmin HTTP/1.1" 404 208
222.186.15.131 - - [19/Apr/2015:14:01:16 +0800] "GET http://218.65.131.13/intoIp.aspx?ip=182.92.164.167:8090 HTTP/1.1" 404 209
218.65.131.20 - - [19/Apr/2015:14:07:50 +0800] "GET http://218.65.131.13/intoIp.aspx?ip=182.92.164.167:8090 HTTP/1.1" 404 209
218.65.131.20 - - [19/Apr/2015:14:13:42 +0800] "GET http://218.65.131.13/intoIp.aspx?ip=182.92.164.167:8090 HTTP/1.1" 404 209
222.186.15.131 - - [19/Apr/2015:14:40:18 +0800] "GET http://218.65.131.13/intoIp.aspx?ip=182.92.164.167:8090 HTTP/1.1" 404 209
218.65.131.20 - - [19/Apr/2015:14:46:23 +0800] "GET http://218.65.131.13/intoIp.aspx?ip=182.92.164.167:8090 HTTP/1.1" 404 209
222.186.15.131 - - [19/Apr/2015:14:59:50 +0800] "GET http://218.65.131.13/intoIp.aspx?ip=182.92.164.167:8090 HTTP/1.1" 404 209
221.216.35.35 - - [19/Apr/2015:15:07:25 +0800] "GET / HTTP/1.1" 200 62892
221.216.35.35 - - [19/Apr/2015:15:07:29 +0800] "GET /one HTTP/1.1" 404 201
221.216.35.35 - - [19/Apr/2015:15:07:34 +0800] "GET /one.php HTTP/1.1" 200 269
112.64.235.246 - - [19/Apr/2015:15:07:34 +0800] "GET /one.php HTTP/1.1" 200 269
221.216.35.35 - - [19/Apr/2015:15:08:25 +0800] "GET /one.php HTTP/1.1" 200 269
221.216.35.35 - - [19/Apr/2015:15:08:26 +0800] "GET /one.php HTTP/1.1" 200 269
221.216.35.35 - - [19/Apr/2015:15:08:27 +0800] "GET /one.php HTTP/1.1" 200 269
221.216.35.35 - - [19/Apr/2015:15:08:27 +0800] "GET /one.php HTTP/1.1" 200 269
221.216.35.35 - - [19/Apr/2015:15:08:54 +0800] "GET /one.php HTTP/1.1" 200 269
112.64.235.87 - - [19/Apr/2015:15:08:57 +0800] "GET /one HTTP/1.1" 404 201
221.216.35.35 - - [19/Apr/2015:15:09:04 +0800] "GET /one.php HTTP/1.1" 200 269
221.216.35.35 - - [19/Apr/2015:15:09:51 +0800] "GET /one.php HTTP/1.1" 200 269
221.216.35.35 - - [19/Apr/2015:15:10:52 +0800] "GET /one.php HTTP/1.1" 200 355
222.186.15.131 - - [19/Apr/2015:15:25:15 +0800] "GET http://218.65.131.13/intoIp.aspx?ip=182.92.164.167:8090 HTTP/1.1" 404 209
221.216.35.35 - - [19/Apr/2015:15:27:07 +0800] "GET /one.php HTTP/1.1" 200 416
221.216.35.35 - - [19/Apr/2015:15:27:10 +0800] "GET /one.php HTTP/1.1" 200 416
209.95.46.4 - - [19/Apr/2015:15:31:09 +0800] "GET http://209.95.46.4/check_proxy.php HTTP/1.1" 404 213
221.216.35.35 - - [19/Apr/2015:16:04:31 +0800] "GET / HTTP/1.1" 200 63127
221.216.35.35 - - [19/Apr/2015:16:04:36 +0800] "GET / HTTP/1.1" 200 63127
221.216.35.35 - - [19/Apr/2015:16:04:46 +0800] "GET /two.php HTTP/1.1" 404 205
112.64.235.246 - - [19/Apr/2015:16:04:47 +0800] "GET /two.php HTTP/1.1" 404 205
221.216.35.35 - - [19/Apr/2015:16:05:04 +0800] "GET /basicTest/two.php HTTP/1.1" 200 371
221.216.35.35 - - [19/Apr/2015:16:05:10 +0800] "GET /basicTest/two.php HTTP/1.1" 200 371
101.226.33.208 - - [19/Apr/2015:16:07:44 +0800] "GET /basicTest/two.php HTTP/1.1" 200 371
221.216.35.35 - - [19/Apr/2015:16:11:21 +0800] "GET /basicTest/two.php HTTP/1.1" 200 371
221.216.35.35 - - [19/Apr/2015:16:11:23 +0800] "GET /basicTest/two.php HTTP/1.1" 200 371
221.216.35.35 - - [19/Apr/2015:16:11:29 +0800] "GET /two.php HTTP/1.1" 404 205
221.216.35.35 - - [19/Apr/2015:16:11:39 +0800] "GET /basictest/two.php HTTP/1.1" 404 215
221.216.35.35 - - [19/Apr/2015:16:11:49 +0800] "GET /basicTest/two.php HTTP/1.1" 200 371
221.216.35.35 - - [19/Apr/2015:16:12:46 +0800] "GET /basicTest/two.php HTTP/1.1" 200 371
221.216.35.35 - - [19/Apr/2015:16:12:53 +0800] "GET /basicTest/ONE.php HTTP/1.1" 404 215
221.216.35.35 - - [19/Apr/2015:16:13:01 +0800] "GET /basicTest/one.php HTTP/1.1" 200 426
221.216.35.35 - - [19/Apr/2015:16:13:09 +0800] "GET /basicTest/two.php HTTP/1.1" 200 371
221.216.35.35 - - [19/Apr/2015:16:13:59 +0800] "GET /basicTest/two.php HTTP/1.1" 200 371
101.226.33.203 - - [19/Apr/2015:16:16:28 +0800] "GET /basicTest/ONE.php HTTP/1.1" 404 215
222.186.15.131 - - [19/Apr/2015:16:17:32 +0800] "GET http://218.65.131.13/intoIp.aspx?ip=182.92.164.167:8090 HTTP/1.1" 404 209
221.216.35.35 - - [19/Apr/2015:16:18:40 +0800] "GET /basicTest/two.php HTTP/1.1" 200 371
221.216.35.35 - - [19/Apr/2015:16:18:41 +0800] "GET /basicTest/two.php HTTP/1.1" 200 371
221.216.35.35 - - [19/Apr/2015:16:18:42 +0800] "GET /basicTest/two.php HTTP/1.1" 200 371
221.216.35.35 - - [19/Apr/2015:16:18:42 +0800] "GET /basicTest/two.php HTTP/1.1" 200 371
221.216.35.35 - - [19/Apr/2015:16:18:42 +0800] "GET /basicTest/two.php HTTP/1.1" 200 371
221.216.35.35 - - [19/Apr/2015:16:18:42 +0800] "GET /basicTest/two.php HTTP/1.1" 200 371
221.216.35.35 - - [19/Apr/2015:16:18:42 +0800] "GET /basicTest/two.php HTTP/1.1" 200 371
221.216.35.35 - - [19/Apr/2015:16:18:43 +0800] "GET /basicTest/two.php HTTP/1.1" 200 371
221.216.35.35 - - [19/Apr/2015:16:18:44 +0800] "GET /basicTest/two.php HTTP/1.1" 200 371
221.216.35.35 - - [19/Apr/2015:16:18:45 +0800] "GET /basicTest/two.php HTTP/1.1" 200 371
221.216.35.35 - - [19/Apr/2015:16:18:48 +0800] "GET /basicTest/two.php HTTP/1.1" 200 371
221.216.35.35 - - [19/Apr/2015:16:18:48 +0800] "GET /basicTest/two.php HTTP/1.1" 200 371
221.216.35.35 - - [19/Apr/2015:16:18:48 +0800] "GET /basicTest/two.php HTTP/1.1" 200 371
221.216.35.35 - - [19/Apr/2015:16:18:48 +0800] "GET /basicTest/two.php HTTP/1.1" 200 371
221.216.35.35 - - [19/Apr/2015:16:18:49 +0800] "GET /basicTest/two.php HTTP/1.1" 200 371
221.216.35.35 - - [19/Apr/2015:16:18:49 +0800] "GET /basicTest/two.php HTTP/1.1" 200 371
221.216.35.35 - - [19/Apr/2015:16:19:05 +0800] "GET /basicTest/two.php HTTP/1.1" 200 371
221.216.35.35 - - [19/Apr/2015:16:22:22 +0800] "GET /basicTest/two.php HTTP/1.1" 200 380
221.216.35.35 - - [19/Apr/2015:16:22:30 +0800] "GET /basicTest/two.php HTTP/1.1" 200 380
221.216.35.35 - - [19/Apr/2015:16:23:37 +0800] "GET /basicTest/two.php HTTP/1.1" 200 380
221.216.35.35 - - [19/Apr/2015:16:23:51 +0800] "GET /basicTest/two.php HTTP/1.1" 200 380
221.216.35.35 - - [19/Apr/2015:16:25:12 +0800] "GET /basicTest/two.php HTTP/1.1" 200 381
221.216.35.35 - - [19/Apr/2015:16:25:34 +0800] "GET /basicTest/two.php HTTP/1.1" 200 381
221.216.35.35 - - [19/Apr/2015:16:25:34 +0800] "GET /basicTest/two.php HTTP/1.1" 200 381
221.216.35.35 - - [19/Apr/2015:16:25:34 +0800] "GET /basicTest/two.php HTTP/1.1" 200 381
221.216.35.35 - - [19/Apr/2015:16:25:34 +0800] "GET /basicTest/two.php HTTP/1.1" 200 381
221.216.35.35 - - [19/Apr/2015:16:25:35 +0800] "GET /basicTest/two.php HTTP/1.1" 200 381
221.216.35.35 - - [19/Apr/2015:16:25:35 +0800] "GET /basicTest/two.php HTTP/1.1" 200 381
221.216.35.35 - - [19/Apr/2015:16:25:37 +0800] "GET /basicTest/two.php HTTP/1.1" 200 381
221.216.35.35 - - [19/Apr/2015:16:25:46 +0800] "GET /basicTest/two.php HTTP/1.1" 200 381
221.216.35.35 - - [19/Apr/2015:16:25:46 +0800] "GET /basicTest/two.php HTTP/1.1" 200 381
221.216.35.35 - - [19/Apr/2015:16:26:01 +0800] "GET /basicTest/two.php HTTP/1.1" 200 381
222.186.15.131 - - [19/Apr/2015:16:30:15 +0800] "GET http://218.65.131.13/intoIp.aspx?ip=182.92.164.167:8090 HTTP/1.1" 404 209
209.95.46.4 - - [19/Apr/2015:16:33:29 +0800] "GET http://209.95.46.4/check_proxy.php HTTP/1.1" 404 213
209.95.46.4 - - [19/Apr/2015:16:52:15 +0800] "GET http://209.95.46.4/check_proxy.php HTTP/1.1" 404 213
218.65.131.20 - - [19/Apr/2015:16:53:32 +0800] "GET http://218.65.131.13/intoIp.aspx?ip=182.92.164.167:8090 HTTP/1.1" 404 209
218.65.131.20 - - [19/Apr/2015:17:06:52 +0800] "GET http://218.65.131.13/intoIp.aspx?ip=182.92.164.167:8090 HTTP/1.1" 404 209
209.95.46.4 - - [19/Apr/2015:18:09:33 +0800] "GET http://209.95.46.4/check_proxy.php HTTP/1.1" 404 213
221.216.35.35 - - [19/Apr/2015:18:10:37 +0800] "GET /basicTest/two.php HTTP/1.1" 200 381
221.216.35.35 - - [19/Apr/2015:18:10:48 +0800] "GET /basicTest/sysnicvar.php HTTP/1.1" 404 221
101.226.65.107 - - [19/Apr/2015:18:10:48 +0800] "GET /basicTest/sysnicvar.php HTTP/1.1" 404 221
221.216.35.35 - - [19/Apr/2015:18:11:03 +0800] "GET /basicTest/synicvar.php HTTP/1.1" 200 42
180.153.206.31 - - [19/Apr/2015:18:11:03 +0800] "GET /basicTest/synicvar.php HTTP/1.1" 200 42
221.216.35.35 - - [19/Apr/2015:18:13:22 +0800] "GET /basicTest/synicvar.php HTTP/1.1" 200 42
222.186.15.131 - - [19/Apr/2015:18:18:35 +0800] "GET http://218.65.131.13/intoIp.aspx?ip=182.92.164.167:8090 HTTP/1.1" 404 209
218.65.131.20 - - [19/Apr/2015:18:20:01 +0800] "GET http://218.65.131.13/intoIp.aspx?ip=182.92.164.167:8090 HTTP/1.1" 404 209
221.216.35.35 - - [19/Apr/2015:18:38:27 +0800] "GET /basicTest/refacevar.php HTTP/1.1" 200 56
180.153.161.217 - - [19/Apr/2015:18:38:27 +0800] "GET /basicTest/refacevar.php HTTP/1.1" 200 56
221.216.35.35 - - [19/Apr/2015:18:40:44 +0800] "GET /basicTest/refacevar.php HTTP/1.1" 200 61
221.216.35.35 - - [19/Apr/2015:18:41:45 +0800] "GET /basicTest/refacevar.php HTTP/1.1" 200 61
221.216.35.35 - - [19/Apr/2015:18:41:45 +0800] "GET /basicTest/refacevar.php HTTP/1.1" 200 61
221.216.35.35 - - [19/Apr/2015:18:41:46 +0800] "GET /basicTest/refacevar.php HTTP/1.1" 200 61
221.216.35.35 - - [19/Apr/2015:18:41:46 +0800] "GET /basicTest/refacevar.php HTTP/1.1" 200 61
221.216.35.35 - - [19/Apr/2015:18:41:46 +0800] "GET /basicTest/refacevar.php HTTP/1.1" 200 61
221.216.35.35 - - [19/Apr/2015:18:42:44 +0800] "GET /basicTest/refacevar.php HTTP/1.1" 200 61
221.216.35.35 - - [19/Apr/2015:18:42:45 +0800] "GET /basicTest/refacevar.php HTTP/1.1" 200 61
221.216.35.35 - - [19/Apr/2015:18:42:45 +0800] "GET /basicTest/refacevar.php HTTP/1.1" 200 61
221.216.35.35 - - [19/Apr/2015:18:42:45 +0800] "GET /basicTest/refacevar.php HTTP/1.1" 200 61
221.216.35.35 - - [19/Apr/2015:18:42:46 +0800] "GET /basicTest/refacevar.php HTTP/1.1" 200 61
218.65.131.20 - - [19/Apr/2015:19:00:18 +0800] "GET http://218.65.131.13/intoIp.aspx?ip=182.92.164.167:8090 HTTP/1.1" 404 209
209.95.46.4 - - [19/Apr/2015:19:08:59 +0800] "GET http://209.95.46.4/check_proxy.php HTTP/1.1" 404 213
218.65.131.20 - - [19/Apr/2015:19:16:42 +0800] "GET http://218.65.131.13/intoIp.aspx?ip=182.92.164.167:8090 HTTP/1.1" 404 209
218.65.131.20 - - [19/Apr/2015:19:18:29 +0800] "GET http://218.65.131.13/intoIp.aspx?ip=182.92.164.167:8090 HTTP/1.1" 404 209
218.65.131.20 - - [19/Apr/2015:19:39:48 +0800] "GET http://218.65.131.13/intoIp.aspx?ip=182.92.164.167:8090 HTTP/1.1" 404 209
209.95.46.4 - - [19/Apr/2015:19:44:21 +0800] "GET http://209.95.46.4/check_proxy.php HTTP/1.1" 404 213
221.216.35.35 - - [19/Apr/2015:19:56:22 +0800] "GET /basicTest/svar.php HTTP/1.1" 200 90
101.226.89.117 - - [19/Apr/2015:19:56:32 +0800] "GET /basicTest/svar.php HTTP/1.1" 200 90
221.216.35.35 - - [19/Apr/2015:20:00:18 +0800] "GET /basicTest/svar.php HTTP/1.1" 200 145
221.216.35.35 - - [19/Apr/2015:20:04:14 +0800] "GET /basicTest/svar.php HTTP/1.1" 200 199
221.216.35.35 - - [19/Apr/2015:20:07:55 +0800] "GET /basicTest/svar.php HTTP/1.1" 200 250
221.216.35.35 - - [19/Apr/2015:20:11:43 +0800] "GET /basicTest/svar.php HTTP/1.1" 200 250
221.216.35.35 - - [19/Apr/2015:20:18:16 +0800] "GET /basicTest/svar.php HTTP/1.1" 200 308
222.186.15.131 - - [19/Apr/2015:20:18:57 +0800] "GET http://218.65.131.13/intoIp.aspx?ip=182.92.164.167:8090 HTTP/1.1" 404 209
221.216.35.35 - - [19/Apr/2015:20:19:42 +0800] "GET /basicTest/svar.php HTTP/1.1" 200 305
221.216.35.35 - - [19/Apr/2015:20:27:17 +0800] "GET /basicTest/svar.php HTTP/1.1" 200 470
221.216.35.35 - - [19/Apr/2015:20:28:00 +0800] "GET /basicTest/svar.php HTTP/1.1" 200 387
221.216.35.35 - - [19/Apr/2015:20:28:36 +0800] "GET /basicTest/svar.php HTTP/1.1" 200 383
221.216.35.35 - - [19/Apr/2015:20:29:18 +0800] "GET /basicTest/svar.php HTTP/1.1" 200 384
222.186.15.131 - - [19/Apr/2015:20:38:45 +0800] "GET http://218.65.131.13/intoIp.aspx?ip=182.92.164.167:8090 HTTP/1.1" 404 209
221.216.35.35 - - [19/Apr/2015:20:46:58 +0800] "GET /basicTest/svar.php HTTP/1.1" 200 439
221.216.35.35 - - [19/Apr/2015:20:48:19 +0800] "GET /basicTest/svar.php HTTP/1.1" 200 444
221.216.35.35 - - [19/Apr/2015:20:50:58 +0800] "GET /basicTest/svar.php HTTP/1.1" 200 470
221.216.35.35 - - [19/Apr/2015:20:52:00 +0800] "GET /basicTest/svar.php HTTP/1.1" 200 471
221.216.35.35 - - [19/Apr/2015:20:52:00 +0800] "GET /basicTest/svar.php HTTP/1.1" 200 471
221.216.35.35 - - [19/Apr/2015:20:52:01 +0800] "GET /basicTest/svar.php HTTP/1.1" 200 471
221.216.35.35 - - [19/Apr/2015:20:52:01 +0800] "GET /basicTest/svar.php HTTP/1.1" 200 471
221.216.35.35 - - [19/Apr/2015:20:56:29 +0800] "GET /basicTest/svar.php HTTP/1.1" 200 602
221.216.35.35 - - [19/Apr/2015:20:57:32 +0800] "GET /basicTest/svar.php HTTP/1.1" 200 618
221.216.35.35 - - [19/Apr/2015:20:58:08 +0800] "GET /basicTest/svar.php HTTP/1.1" 200 517
221.216.35.35 - - [19/Apr/2015:20:59:56 +0800] "GET /basicTest/svar.php HTTP/1.1" 200 520
221.216.35.35 - - [19/Apr/2015:21:02:45 +0800] "GET /basicTest/svar.php HTTP/1.1" 200 107
221.216.35.35 - - [19/Apr/2015:21:02:47 +0800] "GET /basicTest/svar.php HTTP/1.1" 200 107
221.216.35.35 - - [19/Apr/2015:21:05:17 +0800] "GET /basicTest/svar.php HTTP/1.1" 200 107
221.216.35.35 - - [19/Apr/2015:21:05:17 +0800] "GET /basicTest/svar.php HTTP/1.1" 200 107
221.216.35.35 - - [19/Apr/2015:21:05:18 +0800] "GET /basicTest/svar.php HTTP/1.1" 200 107
222.186.15.131 - - [19/Apr/2015:21:08:16 +0800] "GET http://218.65.131.13/intoIp.aspx?ip=182.92.164.167:8090 HTTP/1.1" 404 209
221.216.35.35 - - [19/Apr/2015:21:19:42 +0800] "GET /basicTest/svar.php HTTP/1.1" 200 107
221.216.35.35 - - [19/Apr/2015:21:19:43 +0800] "GET /basicTest/svar.php HTTP/1.1" 200 107
221.216.35.35 - - [19/Apr/2015:21:19:43 +0800] "GET /basicTest/svar.php HTTP/1.1" 200 107
221.216.35.35 - - [19/Apr/2015:21:19:43 +0800] "GET /basicTest/svar.php HTTP/1.1" 200 107
221.216.35.35 - - [19/Apr/2015:21:19:44 +0800] "GET /basicTest/svar.php HTTP/1.1" 200 107
221.216.35.35 - - [19/Apr/2015:21:20:19 +0800] "GET /basicTest/svar.php HTTP/1.1" 200 107
221.216.35.35 - - [19/Apr/2015:21:20:19 +0800] "GET /basicTest/svar.php HTTP/1.1" 200 107
221.216.35.35 - - [19/Apr/2015:21:20:20 +0800] "GET /basicTest/svar.php HTTP/1.1" 200 107
221.216.35.35 - - [19/Apr/2015:21:20:20 +0800] "GET /basicTest/svar.php HTTP/1.1" 200 107
221.216.35.35 - - [19/Apr/2015:21:20:20 +0800] "GET /basicTest/svar.php HTTP/1.1" 200 107
221.216.35.35 - - [19/Apr/2015:21:20:20 +0800] "GET /basicTest/svar.php HTTP/1.1" 200 107
218.65.131.20 - - [19/Apr/2015:21:25:25 +0800] "GET http://218.65.131.13/intoIp.aspx?ip=182.92.164.167:8090 HTTP/1.1" 404 209
221.216.35.35 - - [19/Apr/2015:21:30:24 +0800] "GET /basicTest/svar.php HTTP/1.1" 200 107
221.216.35.35 - - [19/Apr/2015:21:30:27 +0800] "GET /basicTest/svar.php HTTP/1.1" 200 107
218.65.131.20 - - [19/Apr/2015:21:31:31 +0800] "GET http://218.65.131.13/intoIp.aspx?ip=182.92.164.167:8090 HTTP/1.1" 404 209
221.216.35.35 - - [19/Apr/2015:21:33:04 +0800] "GET /basicTest/svar.php HTTP/1.1" 200 107
221.216.35.35 - - [19/Apr/2015:21:33:05 +0800] "GET /basicTest/svar.php HTTP/1.1" 200 107
221.216.35.35 - - [19/Apr/2015:21:33:05 +0800] "GET /basicTest/svar.php HTTP/1.1" 200 107
221.216.35.35 - - [19/Apr/2015:21:33:05 +0800] "GET /basicTest/svar.php HTTP/1.1" 200 107
221.216.35.35 - - [19/Apr/2015:21:36:03 +0800] "GET / HTTP/1.1" 200 62892
221.216.35.35 - - [19/Apr/2015:21:39:16 +0800] "GET /basicTest/two.php HTTP/1.1" 200 381
221.216.35.35 - - [19/Apr/2015:21:39:28 +0800] "GET /basicTest/svar.php HTTP/1.1" 200 107
221.216.35.35 - - [19/Apr/2015:21:41:05 +0800] "GET /basicTest/svar.php HTTP/1.1" 200 107
221.216.35.35 - - [19/Apr/2015:21:41:05 +0800] "GET /basicTest/svar.php HTTP/1.1" 200 107
221.216.35.35 - - [19/Apr/2015:21:41:06 +0800] "GET /basicTest/svar.php HTTP/1.1" 200 107
221.216.35.35 - - [19/Apr/2015:21:41:15 +0800] "GET /basicTest/svar.php HTTP/1.1" 200 107
221.216.35.35 - - [19/Apr/2015:21:41:16 +0800] "GET /basicTest/svar.php HTTP/1.1" 200 107
221.216.35.35 - - [19/Apr/2015:21:41:16 +0800] "GET /basicTest/svar.php HTTP/1.1" 200 107
221.216.35.35 - - [19/Apr/2015:21:42:18 +0800] "GET /basicTest/svar.php HTTP/1.1" 200 520
222.186.15.131 - - [19/Apr/2015:21:52:57 +0800] "GET http://218.65.131.13/intoIp.aspx?ip=182.92.164.167:8090 HTTP/1.1" 404 209
222.186.15.131 - - [19/Apr/2015:22:02:20 +0800] "GET http://218.65.131.13/intoIp.aspx?ip=182.92.164.167:8090 HTTP/1.1" 404 209
218.65.131.13 - - [19/Apr/2015:22:11:48 +0800] "GET http://218.65.131.13/intoIp.aspx?ip=182.92.164.167:8090 HTTP/1.1" 404 209
209.95.46.4 - - [19/Apr/2015:22:12:53 +0800] "GET http://209.95.46.4/check_proxy.php HTTP/1.1" 404 213
221.216.35.35 - - [19/Apr/2015:22:26:10 +0800] "GET /basicTest/svar.php HTTP/1.1" 200 520
221.216.35.35 - - [19/Apr/2015:22:26:11 +0800] "GET /basicTest/svar.php HTTP/1.1" 200 520
221.216.35.35 - - [19/Apr/2015:22:26:11 +0800] "GET /basicTest/svar.php HTTP/1.1" 200 520
221.216.35.35 - - [19/Apr/2015:22:26:11 +0800] "GET /basicTest/svar.php HTTP/1.1" 200 520
209.95.46.4 - - [19/Apr/2015:22:28:57 +0800] "GET http://209.95.46.4/check_proxy.php HTTP/1.1" 404 213
221.216.35.35 - - [19/Apr/2015:22:31:16 +0800] "GET /basicTest/svar.php HTTP/1.1" 200 114
221.216.35.35 - - [19/Apr/2015:22:31:55 +0800] "GET /basicTest/svar.php HTTP/1.1" 200 620
221.216.35.35 - - [19/Apr/2015:22:32:17 +0800] "GET /basicTest/svar.php HTTP/1.1" 200 620
221.216.35.35 - - [19/Apr/2015:22:37:48 +0800] "GET /basicTest/svar.php HTTP/1.1" 200 659
221.216.35.35 - - [19/Apr/2015:22:38:34 +0800] "GET /basicTest/svar.php HTTP/1.1" 200 743
218.65.131.13 - - [19/Apr/2015:22:39:57 +0800] "GET http://218.65.131.13/intoIp.aspx?ip=182.92.164.167:8090 HTTP/1.1" 404 209
221.216.35.35 - - [19/Apr/2015:22:41:31 +0800] "GET /basicTest/svar.php HTTP/1.1" 200 827
221.216.35.35 - - [19/Apr/2015:22:41:33 +0800] "GET /basicTest/svar.php HTTP/1.1" 200 827
221.216.35.35 - - [19/Apr/2015:22:43:18 +0800] "GET /basicTest/svar.php HTTP/1.1" 200 747
221.216.35.35 - - [19/Apr/2015:22:43:36 +0800] "GET /basicTest/svar.php HTTP/1.1" 200 657
218.65.131.20 - - [19/Apr/2015:22:59:53 +0800] "GET http://218.65.131.13/intoIp.aspx?ip=182.92.164.167:8090 HTTP/1.1" 404 209
218.65.131.20 - - [19/Apr/2015:23:06:21 +0800] "GET http://218.65.131.13/intoIp.aspx?ip=182.92.164.167:8090 HTTP/1.1" 404 209
218.65.131.13 - - [19/Apr/2015:23:37:46 +0800] "GET http://218.65.131.13/intoIp.aspx?ip=182.92.164.167:8090 HTTP/1.1" 404 209
209.95.46.4 - - [19/Apr/2015:23:46:35 +0800] "GET http://209.95.46.4/check_proxy.php HTTP/1.1" 404 213
218.65.131.13 - - [20/Apr/2015:00:11:57 +0800] "GET http://218.65.131.13/intoIp.aspx?ip=182.92.164.167:8090 HTTP/1.1" 404 209
222.186.15.131 - - [20/Apr/2015:00:35:24 +0800] "GET http://218.65.131.13/intoIp.aspx?ip=182.92.164.167:8090 HTTP/1.1" 404 209
222.186.15.131 - - [20/Apr/2015:00:44:08 +0800] "GET http://218.65.131.13/intoIp.aspx?ip=182.92.164.167:8090 HTTP/1.1" 404 209
209.95.46.4 - - [20/Apr/2015:01:00:41 +0800] "GET http://209.95.46.4/check_proxy.php HTTP/1.1" 404 213
222.186.15.131 - - [20/Apr/2015:01:10:08 +0800] "GET http://218.65.131.13/intoIp.aspx?ip=182.92.164.167:8090 HTTP/1.1" 404 209
218.65.131.20 - - [20/Apr/2015:01:22:09 +0800] "GET http://218.65.131.13/intoIp.aspx?ip=182.92.164.167:8090 HTTP/1.1" 404 209
218.65.131.20 - - [20/Apr/2015:01:44:21 +0800] "GET http://218.65.131.13/intoIp.aspx?ip=182.92.164.167:8090 HTTP/1.1" 404 209
218.65.131.13 - - [20/Apr/2015:01:45:44 +0800] "GET http://218.65.131.13/intoIp.aspx?ip=182.92.164.167:8090 HTTP/1.1" 404 209
209.95.46.4 - - [20/Apr/2015:01:57:43 +0800] "GET http://209.95.46.4/check_proxy.php HTTP/1.1" 404 213
218.65.131.13 - - [20/Apr/2015:02:00:45 +0800] "GET http://218.65.131.13/intoIp.aspx?ip=182.92.164.167:8090 HTTP/1.1" 404 209
218.65.131.20 - - [20/Apr/2015:02:00:45 +0800] "GET http://218.65.131.13/intoIp.aspx?ip=182.92.164.167:8090 HTTP/1.1" 404 209
218.65.131.20 - - [20/Apr/2015:02:15:56 +0800] "GET http://218.65.131.13/intoIp.aspx?ip=182.92.164.167:8090 HTTP/1.1" 404 209
222.186.15.131 - - [20/Apr/2015:02:55:43 +0800] "GET http://218.65.131.13/intoIp.aspx?ip=182.92.164.167:8090 HTTP/1.1" 404 209
218.65.131.20 - - [20/Apr/2015:03:24:53 +0800] "GET http://218.65.131.13/intoIp.aspx?ip=182.92.164.167:8090 HTTP/1.1" 404 209
218.65.131.13 - - [20/Apr/2015:03:28:20 +0800] "GET http://218.65.131.13/intoIp.aspx?ip=182.92.164.167:8090 HTTP/1.1" 404 209
209.95.46.4 - - [20/Apr/2015:03:30:20 +0800] "GET http://209.95.46.4/check_proxy.php HTTP/1.1" 404 213
222.186.15.131 - - [20/Apr/2015:04:05:27 +0800] "GET http://218.65.131.13/intoIp.aspx?ip=182.92.164.167:8090 HTTP/1.1" 404 209
218.65.131.20 - - [20/Apr/2015:04:36:56 +0800] "GET http://218.65.131.13/intoIp.aspx?ip=182.92.164.167:8090 HTTP/1.1" 404 209
218.65.131.20 - - [20/Apr/2015:04:56:26 +0800] "GET http://218.65.131.13/intoIp.aspx?ip=182.92.164.167:8090 HTTP/1.1" 404 209
218.65.131.13 - - [20/Apr/2015:04:56:41 +0800] "GET http://218.65.131.13/intoIp.aspx?ip=182.92.164.167:8090 HTTP/1.1" 404 209
222.186.15.131 - - [20/Apr/2015:05:10:49 +0800] "GET http://218.65.131.13/intoIp.aspx?ip=182.92.164.167:8090 HTTP/1.1" 404 209
218.65.131.20 - - [20/Apr/2015:05:35:02 +0800] "GET http://218.65.131.13/intoIp.aspx?ip=182.92.164.167:8090 HTTP/1.1" 404 209
222.186.15.131 - - [20/Apr/2015:05:46:00 +0800] "GET http://218.65.131.13/intoIp.aspx?ip=182.92.164.167:8090 HTTP/1.1" 404 209
222.186.15.131 - - [20/Apr/2015:06:11:01 +0800] "GET http://218.65.131.13/intoIp.aspx?ip=182.92.164.167:8090 HTTP/1.1" 404 209
209.95.46.4 - - [20/Apr/2015:06:25:40 +0800] "GET http://209.95.46.4/check_proxy.php HTTP/1.1" 404 213
218.65.131.13 - - [20/Apr/2015:06:26:49 +0800] "GET http://218.65.131.13/intoIp.aspx?ip=182.92.164.167:8090 HTTP/1.1" 404 209
222.186.15.131 - - [20/Apr/2015:06:31:29 +0800] "GET http://218.65.131.13/intoIp.aspx?ip=182.92.164.167:8090 HTTP/1.1" 404 209
218.65.131.20 - - [20/Apr/2015:06:50:34 +0800] "GET http://218.65.131.13/intoIp.aspx?ip=182.92.164.167:8090 HTTP/1.1" 404 209
209.95.46.4 - - [20/Apr/2015:06:57:03 +0800] "GET http://209.95.46.4/check_proxy.php HTTP/1.1" 404 213
222.186.15.131 - - [20/Apr/2015:07:00:32 +0800] "GET http://218.65.131.13/intoIp.aspx?ip=182.92.164.167:8090 HTTP/1.1" 404 209
218.65.131.20 - - [20/Apr/2015:07:29:37 +0800] "GET http://218.65.131.13/intoIp.aspx?ip=182.92.164.167:8090 HTTP/1.1" 404 209
222.186.15.131 - - [20/Apr/2015:07:45:38 +0800] "GET http://218.65.131.13/intoIp.aspx?ip=182.92.164.167:8090 HTTP/1.1" 404 209
180.153.206.18 - - [20/Apr/2015:07:52:58 +0800] "GET /basicTest HTTP/1.1" 301 245
180.153.206.18 - - [20/Apr/2015:07:52:58 +0800] "GET /basicTest/ HTTP/1.1" 200 572
221.216.35.35 - - [20/Apr/2015:07:52:58 +0800] "GET /basicTest/ HTTP/1.1" 200 572
221.216.35.35 - - [20/Apr/2015:07:52:58 +0800] "GET /favicon.ico HTTP/1.1" 404 209
101.226.65.102 - - [20/Apr/2015:07:53:03 +0800] "GET /basicTest/.fuzhiyunsuan.php.swp HTTP/1.1" 200 248
221.216.35.35 - - [20/Apr/2015:07:53:03 +0800] "GET /basicTest/.fuzhiyunsuan.php.swp HTTP/1.1" 200 248
221.216.35.35 - - [20/Apr/2015:07:53:04 +0800] "GET /favicon.ico HTTP/1.1" 404 209
221.216.35.35 - - [20/Apr/2015:07:53:34 +0800] "GET /basicTest/.fuzhiyunsuan.php.swp HTTP/1.1" 200 248
221.216.35.35 - - [20/Apr/2015:07:53:35 +0800] "GET /basicTest/.fuzhiyunsuan.php.swp HTTP/1.1" 200 248
221.216.35.35 - - [20/Apr/2015:07:53:35 +0800] "GET /basicTest/.fuzhiyunsuan.php.swp HTTP/1.1" 200 248
221.216.35.35 - - [20/Apr/2015:07:53:35 +0800] "GET /basicTest/.fuzhiyunsuan.php.swp HTTP/1.1" 200 248
221.216.35.35 - - [20/Apr/2015:07:53:54 +0800] "GET /basicTest/ HTTP/1.1" 200 572
180.153.214.176 - - [20/Apr/2015:07:53:57 +0800] "GET /basicTest/fuzhiyunsuan.php HTTP/1.1" 200 22
221.216.35.35 - - [20/Apr/2015:07:53:57 +0800] "GET /basicTest/fuzhiyunsuan.php HTTP/1.1" 200 22
221.216.35.35 - - [20/Apr/2015:07:54:43 +0800] "GET /basicTest/fuzhiyunsuan.php HTTP/1.1" 200 23
221.216.35.35 - - [20/Apr/2015:07:55:35 +0800] "-" 408 -
218.65.131.13 - - [20/Apr/2015:07:58:59 +0800] "GET http://218.65.131.13/intoIp.aspx?ip=182.92.164.167:8090 HTTP/1.1" 404 209
221.216.35.35 - - [20/Apr/2015:08:06:44 +0800] "GET /basicTest/ HTTP/1.1" 200 622
101.226.89.116 - - [20/Apr/2015:08:06:50 +0800] "GET /basicTest/fanyinghao.php HTTP/1.1" 200 17
221.216.35.35 - - [20/Apr/2015:08:06:50 +0800] "GET /basicTest/fanyinghao.php HTTP/1.1" 200 17
221.216.35.35 - - [20/Apr/2015:08:13:25 +0800] "GET /basicTest/fanyinghao.php HTTP/1.1" 200 32
221.216.35.35 - - [20/Apr/2015:08:14:16 +0800] "-" 408 -
221.216.35.35 - - [20/Apr/2015:08:17:26 +0800] "GET /basicTest/fanyinghao.php HTTP/1.1" 200 37
221.216.35.35 - - [20/Apr/2015:08:17:26 +0800] "GET /basicTest/fanyinghao.php HTTP/1.1" 200 37
221.216.35.35 - - [20/Apr/2015:08:18:17 +0800] "-" 408 -
218.65.131.13 - - [20/Apr/2015:08:22:32 +0800] "GET http://218.65.131.13/intoIp.aspx?ip=182.92.164.167:8090 HTTP/1.1" 404 209
218.65.131.13 - - [20/Apr/2015:08:36:18 +0800] "GET http://218.65.131.13/intoIp.aspx?ip=182.92.164.167:8090 HTTP/1.1" 404 209
209.95.46.4 - - [20/Apr/2015:09:01:36 +0800] "GET http://209.95.46.4/check_proxy.php HTTP/1.1" 404 213
222.186.15.131 - - [20/Apr/2015:09:13:20 +0800] "GET http://218.65.131.13/intoIp.aspx?ip=182.92.164.167:8090 HTTP/1.1" 404 209
222.186.15.131 - - [20/Apr/2015:09:22:50 +0800] "GET http://218.65.131.13/intoIp.aspx?ip=182.92.164.167:8090 HTTP/1.1" 404 209
218.65.131.13 - - [20/Apr/2015:09:30:15 +0800] "GET http://218.65.131.13/intoIp.aspx?ip=182.92.164.167:8090 HTTP/1.1" 404 209
218.65.131.20 - - [20/Apr/2015:09:57:55 +0800] "GET http://218.65.131.13/intoIp.aspx?ip=182.92.164.167:8090 HTTP/1.1" 404 209
222.186.15.131 - - [20/Apr/2015:10:06:03 +0800] "GET http://218.65.131.13/intoIp.aspx?ip=182.92.164.167:8090 HTTP/1.1" 404 209
209.95.46.4 - - [20/Apr/2015:10:17:44 +0800] "GET http://209.95.46.4/check_proxy.php HTTP/1.1" 404 213
218.65.131.13 - - [20/Apr/2015:11:02:26 +0800] "GET http://218.65.131.13/intoIp.aspx?ip=182.92.164.167:8090 HTTP/1.1" 404 209
218.65.131.20 - - [20/Apr/2015:11:21:39 +0800] "GET http://218.65.131.13/intoIp.aspx?ip=182.92.164.167:8090 HTTP/1.1" 404 209
218.65.131.13 - - [20/Apr/2015:11:47:33 +0800] "GET http://218.65.131.13/intoIp.aspx?ip=182.92.164.167:8090 HTTP/1.1" 404 209
222.186.15.131 - - [20/Apr/2015:12:01:40 +0800] "GET http://218.65.131.13/intoIp.aspx?ip=182.92.164.167:8090 HTTP/1.1" 404 209
209.95.46.4 - - [20/Apr/2015:12:09:40 +0800] "GET http://209.95.46.4/check_proxy.php HTTP/1.1" 404 213
222.186.15.131 - - [20/Apr/2015:12:36:39 +0800] "GET http://218.65.131.13/intoIp.aspx?ip=182.92.164.167:8090 HTTP/1.1" 404 209
218.65.131.13 - - [20/Apr/2015:13:01:53 +0800] "GET http://218.65.131.13/intoIp.aspx?ip=182.92.164.167:8090 HTTP/1.1" 404 209
222.186.15.131 - - [20/Apr/2015:13:07:51 +0800] "GET http://218.65.131.13/intoIp.aspx?ip=182.92.164.167:8090 HTTP/1.1" 404 209
209.95.46.4 - - [20/Apr/2015:13:08:11 +0800] "GET http://209.95.46.4/check_proxy.php HTTP/1.1" 404 213
221.216.35.35 - - [20/Apr/2015:13:15:35 +0800] "GET /basicTest/ HTTP/1.1" 200 668
180.153.206.31 - - [20/Apr/2015:13:15:37 +0800] "GET /basicTest/jisuanqi.php HTTP/1.1" 200 257
221.216.35.35 - - [20/Apr/2015:13:15:37 +0800] "GET /basicTest/jisuanqi.php HTTP/1.1" 200 257
221.216.35.35 - - [20/Apr/2015:13:16:26 +0800] "-" 408 -
221.216.35.35 - - [20/Apr/2015:13:20:21 +0800] "GET /basicTest/jisuanqi.php HTTP/1.1" 200 365
221.216.35.35 - - [20/Apr/2015:13:21:13 +0800] "-" 408 -
221.216.35.35 - - [20/Apr/2015:13:24:16 +0800] "GET /basicTest/jisuanqi.php HTTP/1.1" 200 439
221.216.35.35 - - [20/Apr/2015:13:24:45 +0800] "GET /basicTest/jisuanqi.php HTTP/1.1" 200 440
221.216.35.35 - - [20/Apr/2015:13:26:56 +0800] "GET /basicTest/jisuanqi.php HTTP/1.1" 200 440
221.216.35.35 - - [20/Apr/2015:13:26:57 +0800] "POST /basicTest/jisuanqi.php HTTP/1.1" 200 440
221.216.35.35 - - [20/Apr/2015:13:27:10 +0800] "POST /basicTest/jisuanqi.php HTTP/1.1" 200 440
221.216.35.35 - - [20/Apr/2015:13:29:25 +0800] "POST /basicTest/jisuanqi.php HTTP/1.1" 200 440
221.216.35.35 - - [20/Apr/2015:13:30:17 +0800] "-" 408 -
218.65.131.13 - - [20/Apr/2015:13:33:56 +0800] "GET http://218.65.131.13/intoIp.aspx?ip=182.92.164.167:8090 HTTP/1.1" 404 209
221.216.35.35 - - [20/Apr/2015:13:34:20 +0800] "POST /basicTest/jisuanqi.php HTTP/1.1" 200 646
221.216.35.35 - - [20/Apr/2015:13:34:26 +0800] "POST /basicTest/jisuanqi.php HTTP/1.1" 200 563
221.216.35.35 - - [20/Apr/2015:13:34:30 +0800] "POST /basicTest/jisuanqi.php HTTP/1.1" 200 563
209.95.46.4 - - [20/Apr/2015:13:36:00 +0800] "GET http://209.95.46.4/check_proxy.php HTTP/1.1" 404 213
221.216.35.35 - - [20/Apr/2015:13:39:28 +0800] "POST /basicTest/jisuanqi.php HTTP/1.1" 200 857
221.216.35.35 - - [20/Apr/2015:13:40:19 +0800] "-" 408 -
221.216.35.35 - - [20/Apr/2015:13:49:02 +0800] "POST /basicTest/jisuanqi.php HTTP/1.1" 200 968
221.216.35.35 - - [20/Apr/2015:13:49:09 +0800] "POST /basicTest/jisuanqi.php HTTP/1.1" 200 968
221.216.35.35 - - [20/Apr/2015:13:50:40 +0800] "POST /basicTest/jisuanqi.php HTTP/1.1" 200 968
221.216.35.35 - - [20/Apr/2015:13:50:44 +0800] "POST /basicTest/jisuanqi.php HTTP/1.1" 200 968
221.216.35.35 - - [20/Apr/2015:13:51:31 +0800] "-" 408 -
221.216.35.35 - - [20/Apr/2015:13:52:03 +0800] "POST /basicTest/jisuanqi.php HTTP/1.1" 200 968
221.216.35.35 - - [20/Apr/2015:13:52:08 +0800] "POST /basicTest/jisuanqi.php HTTP/1.1" 200 968
221.216.35.35 - - [20/Apr/2015:13:52:12 +0800] "POST /basicTest/jisuanqi.php HTTP/1.1" 200 968
221.216.35.35 - - [20/Apr/2015:13:52:55 +0800] "-" 408 -
221.216.35.35 - - [20/Apr/2015:13:55:03 +0800] "POST /basicTest/jisuanqi.php HTTP/1.1" 200 1425
221.216.35.35 - - [20/Apr/2015:13:55:09 +0800] "POST /basicTest/jisuanqi.php HTTP/1.1" 200 1425
221.216.35.35 - - [20/Apr/2015:13:56:17 +0800] "POST /basicTest/jisuanqi.php HTTP/1.1" 200 1425
221.216.35.35 - - [20/Apr/2015:13:56:21 +0800] "POST /basicTest/jisuanqi.php HTTP/1.1" 200 1425
221.216.35.35 - - [20/Apr/2015:13:57:09 +0800] "-" 408 -
221.216.35.35 - - [20/Apr/2015:13:58:53 +0800] "POST /basicTest/jisuanqi.php HTTP/1.1" 200 1415
222.186.15.131 - - [20/Apr/2015:13:59:20 +0800] "GET http://218.65.131.13/intoIp.aspx?ip=182.92.164.167:8090 HTTP/1.1" 404 209
221.216.35.35 - - [20/Apr/2015:13:59:44 +0800] "-" 408 -
221.216.35.35 - - [20/Apr/2015:14:00:54 +0800] "POST /basicTest/jisuanqi.php HTTP/1.1" 200 968
221.216.35.35 - - [20/Apr/2015:14:01:45 +0800] "-" 408 -
221.216.35.35 - - [20/Apr/2015:14:01:49 +0800] "POST /basicTest/jisuanqi.php HTTP/1.1" 200 968
221.216.35.35 - - [20/Apr/2015:14:02:41 +0800] "-" 408 -
221.216.35.35 - - [20/Apr/2015:14:03:19 +0800] "POST /basicTest/jisuanqi.php HTTP/1.1" 200 968
221.216.35.35 - - [20/Apr/2015:14:04:11 +0800] "-" 408 -
221.216.35.35 - - [20/Apr/2015:14:04:19 +0800] "POST /basicTest/jisuanqi.php HTTP/1.1" 200 968
221.216.35.35 - - [20/Apr/2015:14:05:07 +0800] "POST /basicTest/jisuanqi.php HTTP/1.1" 200 1250
221.216.35.35 - - [20/Apr/2015:14:05:13 +0800] "POST /basicTest/jisuanqi.php HTTP/1.1" 200 1250
221.216.35.35 - - [20/Apr/2015:14:06:04 +0800] "-" 408 -
221.216.35.35 - - [20/Apr/2015:14:07:20 +0800] "POST /basicTest/jisuanqi.php HTTP/1.1" 200 1417
221.216.35.35 - - [20/Apr/2015:14:07:21 +0800] "POST /basicTest/jisuanqi.php HTTP/1.1" 200 1417
221.216.35.35 - - [20/Apr/2015:14:07:22 +0800] "POST /basicTest/jisuanqi.php HTTP/1.1" 200 1417
221.216.35.35 - - [20/Apr/2015:14:07:26 +0800] "POST /basicTest/jisuanqi.php HTTP/1.1" 200 1417
221.216.35.35 - - [20/Apr/2015:14:08:11 +0800] "-" 408 -
221.216.35.35 - - [20/Apr/2015:14:08:45 +0800] "POST /basicTest/jisuanqi.php HTTP/1.1" 200 1417
221.216.35.35 - - [20/Apr/2015:14:09:36 +0800] "-" 408 -
221.216.35.35 - - [20/Apr/2015:14:10:10 +0800] "POST /basicTest/jisuanqi.php HTTP/1.1" 200 1417
221.216.35.35 - - [20/Apr/2015:14:10:13 +0800] "POST /basicTest/jisuanqi.php HTTP/1.1" 200 1417
221.216.35.35 - - [20/Apr/2015:14:11:02 +0800] "-" 408 -
221.216.35.35 - - [20/Apr/2015:14:15:19 +0800] "POST /basicTest/jisuanqi.php HTTP/1.1" 200 874
221.216.35.35 - - [20/Apr/2015:14:15:23 +0800] "POST /basicTest/jisuanqi.php HTTP/1.1" 200 874
221.216.35.35 - - [20/Apr/2015:14:15:35 +0800] "POST /basicTest/jisuanqi.php HTTP/1.1" 200 876
221.216.35.35 - - [20/Apr/2015:14:15:51 +0800] "POST /basicTest/jisuanqi.php HTTP/1.1" 200 874
221.216.35.35 - - [20/Apr/2015:14:16:42 +0800] "-" 408 -
221.216.35.35 - - [20/Apr/2015:14:17:15 +0800] "POST /basicTest/jisuanqi.php HTTP/1.1" 200 810
221.216.35.35 - - [20/Apr/2015:14:17:19 +0800] "POST /basicTest/jisuanqi.php HTTP/1.1" 200 810
221.216.35.35 - - [20/Apr/2015:14:18:07 +0800] "-" 408 -
221.216.35.35 - - [20/Apr/2015:14:18:08 +0800] "POST /basicTest/jisuanqi.php HTTP/1.1" 200 810
221.216.35.35 - - [20/Apr/2015:14:18:12 +0800] "POST /basicTest/jisuanqi.php HTTP/1.1" 200 810
221.216.35.35 - - [20/Apr/2015:14:18:35 +0800] "POST /basicTest/jisuanqi.php HTTP/1.1" 200 810
221.216.35.35 - - [20/Apr/2015:14:18:40 +0800] "POST /basicTest/jisuanqi.php HTTP/1.1" 200 810
221.216.35.35 - - [20/Apr/2015:14:19:12 +0800] "POST /basicTest/jisuanqi.php HTTP/1.1" 200 914
221.216.35.35 - - [20/Apr/2015:14:19:17 +0800] "POST /basicTest/jisuanqi.php HTTP/1.1" 200 914
221.216.35.35 - - [20/Apr/2015:14:19:18 +0800] "POST /basicTest/jisuanqi.php HTTP/1.1" 200 914
221.216.35.35 - - [20/Apr/2015:14:20:04 +0800] "POST /basicTest/jisuanqi.php HTTP/1.1" 200 874
221.216.35.35 - - [20/Apr/2015:14:20:07 +0800] "POST /basicTest/jisuanqi.php HTTP/1.1" 200 874
221.216.35.35 - - [20/Apr/2015:14:20:55 +0800] "-" 408 -
209.95.46.4 - - [20/Apr/2015:14:22:34 +0800] "GET http://209.95.46.4/check_proxy.php HTTP/1.1" 404 213
218.65.131.13 - - [20/Apr/2015:14:26:46 +0800] "GET http://218.65.131.13/intoIp.aspx?ip=182.92.164.167:8090 HTTP/1.1" 404 209
221.216.35.35 - - [20/Apr/2015:14:30:23 +0800] "POST /basicTest/jisuanqi.php HTTP/1.1" 200 874
221.216.35.35 - - [20/Apr/2015:14:30:29 +0800] "GET /basicTest/ HTTP/1.1" 200 730
221.216.35.35 - - [20/Apr/2015:14:30:33 +0800] "GET /basicTest/.whilebiaoge.php.swp HTTP/1.1" 200 247
221.216.35.35 - - [20/Apr/2015:14:30:38 +0800] "GET /basicTest/whilebiaoge.php HTTP/1.1" 200 121
221.216.35.35 - - [20/Apr/2015:14:30:40 +0800] "GET /basicTest/whilebiaoge.php HTTP/1.1" 200 121
221.216.35.35 - - [20/Apr/2015:14:31:01 +0800] "GET /basicTest/whilebiaoge.php HTTP/1.1" 200 3800313
221.216.35.35 - - [20/Apr/2015:14:31:39 +0800] "GET / HTTP/1.1" 200 62892
221.216.35.35 - - [20/Apr/2015:14:31:39 +0800] "GET /favicon.ico HTTP/1.1" 404 209
221.216.35.35 - - [20/Apr/2015:14:32:38 +0800] "GET / HTTP/1.1" 200 63126
221.216.35.35 - - [20/Apr/2015:14:32:47 +0800] "GET /basicTest/two.php HTTP/1.1" 200 381
221.216.35.35 - - [20/Apr/2015:14:32:53 +0800] "GET /basicTest/ HTTP/1.1" 200 730
221.216.35.35 - - [20/Apr/2015:14:32:55 +0800] "GET /basicTest/whilebiaoge.php HTTP/1.1" 200 535
221.216.35.35 - - [20/Apr/2015:14:33:00 +0800] "GET /basicTest/whilebiaoge.php HTTP/1.1" 200 535
180.153.114.200 - - [20/Apr/2015:14:33:46 +0800] "GET /basicTest/.whilebiaoge.php.swp HTTP/1.1" 200 247
222.186.15.131 - - [20/Apr/2015:14:34:23 +0800] "GET http://218.65.131.13/intoIp.aspx?ip=182.92.164.167:8090 HTTP/1.1" 404 209
221.216.35.35 - - [20/Apr/2015:14:36:12 +0800] "GET /basicTest/whilebiaoge.php HTTP/1.1" 200 535
221.216.35.35 - - [20/Apr/2015:14:36:35 +0800] "GET /basicTest/whilebiaoge.php HTTP/1.1" 200 535
221.216.35.35 - - [20/Apr/2015:14:36:36 +0800] "GET /basicTest/whilebiaoge.php HTTP/1.1" 200 535
221.216.35.35 - - [20/Apr/2015:14:38:08 +0800] "GET /basicTest/whilebiaoge.php HTTP/1.1" 200 535
221.216.35.35 - - [20/Apr/2015:14:38:15 +0800] "GET /basicTest/whilebiaoge.php HTTP/1.1" 200 535
218.65.131.13 - - [20/Apr/2015:14:43:04 +0800] "GET http://218.65.131.13/intoIp.aspx?ip=182.92.164.167:8090 HTTP/1.1" 404 209
221.216.35.35 - - [20/Apr/2015:14:43:51 +0800] "GET /basicTest/whilebiaoge.php HTTP/1.1" 200 128
101.226.66.180 - - [20/Apr/2015:14:44:05 +0800] "GET /basicTest/whilebiaoge.php HTTP/1.1" 200 128
221.216.35.35 - - [20/Apr/2015:14:45:31 +0800] "GET /basicTest/whilebiaoge.php HTTP/1.1" 200 229600
221.216.35.35 - - [20/Apr/2015:14:45:02 +0800] "GET /basicTest/whilebiaoge.php HTTP/1.1" 200 5584200
221.216.35.35 - - [20/Apr/2015:14:46:12 +0800] "GET /basicTest/whilebiaoge.php HTTP/1.1" 200 3110
221.216.35.35 - - [20/Apr/2015:14:46:12 +0800] "GET /favicon.ico HTTP/1.1" 404 209
218.65.131.20 - - [20/Apr/2015:14:58:09 +0800] "GET http://218.65.131.13/intoIp.aspx?ip=182.92.164.167:8090 HTTP/1.1" 404 209
221.216.35.35 - - [20/Apr/2015:15:13:58 +0800] "GET /basicTest/ HTTP/1.1" 200 774
221.216.35.35 - - [20/Apr/2015:15:14:00 +0800] "GET /basicTest/99chenfb.php HTTP/1.1" 200 1066
221.216.35.35 - - [20/Apr/2015:15:15:07 +0800] "GET /basicTest/99chenfb.php HTTP/1.1" 200 1633
221.216.35.35 - - [20/Apr/2015:15:15:29 +0800] "GET /basicTest/99chenfb.php HTTP/1.1" 200 1795
218.65.131.20 - - [20/Apr/2015:15:16:12 +0800] "GET http://218.65.131.13/intoIp.aspx?ip=182.92.164.167:8090 HTTP/1.1" 404 209
221.216.35.35 - - [20/Apr/2015:15:17:34 +0800] "GET /basicTest/99chenfb.php HTTP/1.1" 200 2119
221.216.35.35 - - [20/Apr/2015:15:18:26 +0800] "GET /basicTest/99chenfb.php HTTP/1.1" 200 1831
221.216.35.35 - - [20/Apr/2015:15:22:35 +0800] "GET /basicTest/99chenfb.php HTTP/1.1" 200 3250
209.95.46.4 - - [20/Apr/2015:15:23:23 +0800] "GET http://209.95.46.4/check_proxy.php HTTP/1.1" 404 213
221.216.35.35 - - [20/Apr/2015:15:24:11 +0800] "GET /basicTest/99chenfb.php HTTP/1.1" 200 2470
221.216.35.35 - - [20/Apr/2015:15:25:17 +0800] "GET /basicTest/99chenfb.php HTTP/1.1" 200 1672
221.216.35.35 - - [20/Apr/2015:15:26:53 +0800] "GET /basicTest/99chenfb.php HTTP/1.1" 200 2062
218.65.131.20 - - [20/Apr/2015:15:47:06 +0800] "GET http://218.65.131.13/intoIp.aspx?ip=182.92.164.167:8090 HTTP/1.1" 404 209
222.186.15.131 - - [20/Apr/2015:15:59:39 +0800] "GET http://218.65.131.13/intoIp.aspx?ip=182.92.164.167:8090 HTTP/1.1" 404 209
221.216.35.35 - - [20/Apr/2015:16:09:28 +0800] "GET /basicTest/ HTTP/1.1" 200 852
221.216.35.35 - - [20/Apr/2015:16:09:36 +0800] "GET /basicTest/changefunCANSHU.php HTTP/1.1" 200 118
221.216.35.35 - - [20/Apr/2015:16:10:25 +0800] "GET /basicTest/changefunCANSHU.php HTTP/1.1" 200 719
209.95.46.4 - - [20/Apr/2015:16:11:00 +0800] "GET http://209.95.46.4/check_proxy.php HTTP/1.1" 404 213
221.216.35.35 - - [20/Apr/2015:16:11:32 +0800] "GET /basicTest/changefunCANSHU.php HTTP/1.1" 200 143
221.216.35.35 - - [20/Apr/2015:16:24:24 +0800] "GET /basicTest/changefunCANSHU.php HTTP/1.1" 200 143
221.216.35.35 - - [20/Apr/2015:16:24:28 +0800] "GET /basicTest/ HTTP/1.1" 200 940
221.216.35.35 - - [20/Apr/2015:16:24:38 +0800] "GET /basicTest/kebianfuncHeDiguihans.php HTTP/1.1" 200 39
221.216.35.35 - - [20/Apr/2015:16:31:50 +0800] "GET /basicTest/kebianfuncHeDiguihans.php HTTP/1.1" 200 181
221.216.35.35 - - [20/Apr/2015:16:31:55 +0800] "GET /basicTest/kebianfuncHeDiguihans.php HTTP/1.1" 200 181
221.216.35.35 - - [20/Apr/2015:16:32:42 +0800] "GET /basicTest/kebianfuncHeDiguihans.php HTTP/1.1" 200 648
221.216.35.35 - - [20/Apr/2015:16:33:31 +0800] "GET /basicTest/kebianfuncHeDiguihans.php HTTP/1.1" 200 652
221.216.35.35 - - [20/Apr/2015:16:34:21 +0800] "GET /basicTest/kebianfuncHeDiguihans.php HTTP/1.1" 200 505
180.153.214.178 - - [20/Apr/2015:16:38:10 +0800] "GET /basicTest/kebianfuncHeDiguihans.php HTTP/1.1" 200 505
218.65.131.13 - - [20/Apr/2015:16:40:10 +0800] "GET http://218.65.131.13/intoIp.aspx?ip=182.92.164.167:8090 HTTP/1.1" 404 209
221.216.35.35 - - [20/Apr/2015:16:43:48 +0800] "GET /basicTest/ HTTP/1.1" 200 976
221.216.35.35 - - [20/Apr/2015:16:43:49 +0800] "GET /basicTest/yinyongtest.php HTTP/1.1" 200 125
101.226.65.104 - - [20/Apr/2015:16:43:49 +0800] "GET /basicTest/yinyongtest.php HTTP/1.1" 200 125
221.216.35.35 - - [20/Apr/2015:16:45:15 +0800] "GET /basicTest/yinyongtest.php HTTP/1.1" 200 125
221.216.35.35 - - [20/Apr/2015:16:45:15 +0800] "GET /basicTest/yinyongtest.php HTTP/1.1" 200 125
221.216.35.35 - - [20/Apr/2015:16:45:15 +0800] "GET /basicTest/yinyongtest.php HTTP/1.1" 200 125
221.216.35.35 - - [20/Apr/2015:16:45:16 +0800] "GET /basicTest/yinyongtest.php HTTP/1.1" 200 125
221.216.35.35 - - [20/Apr/2015:16:46:33 +0800] "GET /basicTest/yinyongtest.php HTTP/1.1" 200 125
221.216.35.35 - - [20/Apr/2015:16:46:34 +0800] "GET /basicTest/yinyongtest.php HTTP/1.1" 200 125
221.216.35.35 - - [20/Apr/2015:16:46:34 +0800] "GET /basicTest/yinyongtest.php HTTP/1.1" 200 125
221.216.35.35 - - [20/Apr/2015:16:49:01 +0800] "GET /basicTest/yinyongtest.php HTTP/1.1" 200 125
221.216.35.35 - - [20/Apr/2015:16:51:36 +0800] "GET /basicTest/yinyongtest.php HTTP/1.1" 200 125
221.216.35.35 - - [20/Apr/2015:16:52:37 +0800] "GET /basicTest/yinyongtest.php HTTP/1.1" 200 125
221.216.35.35 - - [20/Apr/2015:16:52:37 +0800] "GET /basicTest/yinyongtest.php HTTP/1.1" 200 125
221.216.35.35 - - [20/Apr/2015:16:52:37 +0800] "GET /basicTest/yinyongtest.php HTTP/1.1" 200 125
221.216.35.35 - - [20/Apr/2015:16:53:00 +0800] "GET /basicTest/yinyongtest.php HTTP/1.1" 200 125
221.216.35.35 - - [20/Apr/2015:16:53:01 +0800] "GET /basicTest/yinyongtest.php HTTP/1.1" 200 125
221.216.35.35 - - [20/Apr/2015:16:53:01 +0800] "GET /basicTest/yinyongtest.php HTTP/1.1" 200 125
221.216.35.35 - - [20/Apr/2015:16:53:01 +0800] "GET /basicTest/yinyongtest.php HTTP/1.1" 200 125
221.216.35.35 - - [20/Apr/2015:16:53:28 +0800] "GET /basicTest/yinyongtest.php HTTP/1.1" 200 3
221.216.35.35 - - [20/Apr/2015:16:54:02 +0800] "GET /basicTest/yinyongtest.php HTTP/1.1" 200 205
221.216.35.35 - - [20/Apr/2015:16:55:54 +0800] "GET /basicTest/yinyongtest.php HTTP/1.1" 200 3
218.65.131.13 - - [20/Apr/2015:16:57:02 +0800] "GET http://218.65.131.13/intoIp.aspx?ip=182.92.164.167:8090 HTTP/1.1" 404 209
221.216.35.35 - - [20/Apr/2015:16:57:19 +0800] "GET /basicTest/yinyongtest.php HTTP/1.1" 200 118
221.216.35.35 - - [20/Apr/2015:16:59:19 +0800] "GET /basicTest/yinyongtest.php HTTP/1.1" 200 5
221.216.35.35 - - [20/Apr/2015:16:59:55 +0800] "GET /basicTest/yinyongtest.php HTTP/1.1" 200 121
209.95.46.4 - - [20/Apr/2015:17:05:55 +0800] "GET http://209.95.46.4/check_proxy.php HTTP/1.1" 404 213
221.216.35.35 - - [20/Apr/2015:17:06:30 +0800] "GET /basicTest/yinyongtest.php HTTP/1.1" 200 5
221.216.35.35 - - [20/Apr/2015:17:07:36 +0800] "GET /basicTest/yinyongtest.php HTTP/1.1" 200 181
221.216.35.35 - - [20/Apr/2015:17:08:28 +0800] "GET /basicTest/yinyongtest.php HTTP/1.1" 200 185
221.216.35.35 - - [20/Apr/2015:17:10:29 +0800] "GET /basicTest/yinyongtest.php HTTP/1.1" 200 279
221.216.35.35 - - [20/Apr/2015:17:12:37 +0800] "GET /basicTest/yinyongtest.php HTTP/1.1" 200 185
221.216.35.35 - - [20/Apr/2015:17:15:55 +0800] "GET /basicTest/yinyongtest.php HTTP/1.1" 200 202
221.216.35.35 - - [20/Apr/2015:17:17:07 +0800] "GET /basicTest/yinyongtest.php HTTP/1.1" 200 206
221.216.35.35 - - [20/Apr/2015:17:19:54 +0800] "GET /basicTest/yinyongtest.php HTTP/1.1" 200 236
221.216.35.35 - - [20/Apr/2015:17:21:24 +0800] "GET /basicTest/yinyongtest.php HTTP/1.1" 200 236
222.186.15.131 - - [20/Apr/2015:17:26:52 +0800] "GET http://218.65.131.13/intoIp.aspx?ip=182.92.164.167:8090 HTTP/1.1" 404 209
221.216.35.35 - - [20/Apr/2015:17:31:47 +0800] "GET /basicTest/yinyongtest.php HTTP/1.1" 200 368
221.216.35.35 - - [20/Apr/2015:17:33:38 +0800] "GET /basicTest/yinyongtest.php HTTP/1.1" 200 240
222.186.15.131 - - [20/Apr/2015:17:43:53 +0800] "GET http://218.65.131.13/intoIp.aspx?ip=182.92.164.167:8090 HTTP/1.1" 404 209
222.186.15.131 - - [20/Apr/2015:18:01:39 +0800] "GET http://218.65.131.13/intoIp.aspx?ip=182.92.164.167:8090 HTTP/1.1" 404 209
209.95.46.4 - - [20/Apr/2015:18:06:59 +0800] "GET http://209.95.46.4/check_proxy.php HTTP/1.1" 404 213
221.216.35.35 - - [20/Apr/2015:18:16:56 +0800] "GET /basicTest/ HTTP/1.1" 200 1122
221.216.35.35 - - [20/Apr/2015:18:17:00 +0800] "GET /basicTest/sanweiarrayForech.php HTTP/1.1" 200 576
101.226.66.193 - - [20/Apr/2015:18:17:01 +0800] "GET /basicTest/sanweiarrayForech.php HTTP/1.1" 200 576
221.216.35.35 - - [20/Apr/2015:18:17:28 +0800] "GET /basicTest/sanweiarrayForech.php HTTP/1.1" 200 291
221.216.35.35 - - [20/Apr/2015:18:21:42 +0800] "GET /basicTest/sanweiarrayForech.php HTTP/1.1" 200 504
221.216.35.35 - - [20/Apr/2015:18:22:43 +0800] "GET /basicTest/sanweiarrayForech.php HTTP/1.1" 200 531
221.216.35.35 - - [20/Apr/2015:18:26:29 +0800] "GET /basicTest/sanweiarrayForech.php HTTP/1.1" 200 582
218.65.131.20 - - [20/Apr/2015:18:28:36 +0800] "GET http://218.65.131.13/intoIp.aspx?ip=182.92.164.167:8090 HTTP/1.1" 404 209
221.216.35.35 - - [20/Apr/2015:18:30:14 +0800] "GET /basicTest/sanweiarrayForech.php HTTP/1.1" 200 134
221.216.35.35 - - [20/Apr/2015:18:30:16 +0800] "GET /basicTest/sanweiarrayForech.php HTTP/1.1" 200 134
221.216.35.35 - - [20/Apr/2015:18:31:05 +0800] "GET /basicTest/sanweiarrayForech.php HTTP/1.1" 200 1166
222.186.15.131 - - [20/Apr/2015:18:52:41 +0800] "GET http://218.65.131.13/intoIp.aspx?ip=182.92.164.167:8090 HTTP/1.1" 404 209
218.65.131.20 - - [20/Apr/2015:19:02:47 +0800] "GET http://218.65.131.13/intoIp.aspx?ip=182.92.164.167:8090 HTTP/1.1" 404 209
221.216.35.35 - - [20/Apr/2015:19:03:33 +0800] "GET /basicTest/sanweiarrayForech.php HTTP/1.1" 200 124
221.216.35.35 - - [20/Apr/2015:19:03:35 +0800] "GET /basicTest/sanweiarrayForech.php HTTP/1.1" 200 124
